
> @umesh0492/react-libs@0.0.1 test
> vitest run --coverage

All tests passing.
